[layerdrops.com/krowd/index.html]
[backblue.gif]
[fade.gif]
[index.html]
[layerdrops.com/krowd/assets/images/favicon.ico]
[layerdrops.com/krowd/assets/css/bootstrap.min.css]
[layerdrops.com/krowd/assets/css/flaticon.css]
[layerdrops.com/krowd/assets/css/odometer.min.css]
[layerdrops.com/krowd/assets/css/magnific-popup.css]
[layerdrops.com/krowd/assets/css/font-awesome.min.css]
[layerdrops.com/krowd/assets/css/animate.min.css]
[layerdrops.com/krowd/assets/css/slick.css]
[layerdrops.com/krowd/assets/css/default.css]
[layerdrops.com/krowd/assets/css/style.css]
[layerdrops.com/krowd/$]
[layerdrops.com/krowd/index-2.html]
[layerdrops.com/krowd/index-3.html]
[layerdrops.com/krowd/about.html]
[layerdrops.com/krowd/projects-1.html]
[layerdrops.com/krowd/projects-2.html]
[layerdrops.com/krowd/single-project.html]
[layerdrops.com/krowd/faq.html]
[layerdrops.com/krowd/gallery.html]
[layerdrops.com/krowd/team-members.html]
[layerdrops.com/krowd/news.html]
[layerdrops.com/krowd/single-news.html]
[layerdrops.com/krowd/contact.html]
[layerdrops.com/krowd/assets/images/logo.png]
[layerdrops.com/krowd/assets/images/header-icon.png]
[layerdrops.com/krowd/assets/images/banner-bg-1.jpg]
[layerdrops.com/krowd/assets/images/banner-line.png]
[layerdrops.com/krowd/assets/images/banner-bg-2.jpg]
[layerdrops.com/krowd/assets/images/categories-bg.jpg]
[layerdrops.com/krowd/assets/images/categories-user.png]
[layerdrops.com/krowd/assets/images/singin.png]
[layerdrops.com/krowd/assets/images/cta-bg.jpg]
[layerdrops.com/krowd/assets/images/explore-projects-1.jpg]
[layerdrops.com/krowd/assets/images/explore-projects-2.jpg]
[layerdrops.com/krowd/assets/images/explore-projects-3.jpg]
[layerdrops.com/krowd/assets/images/explore-projects-4.jpg]
[layerdrops.com/krowd/assets/images/why-choose-thumb-1.jpg]
[layerdrops.com/krowd/assets/images/why-choose-thumb-2.jpg]
[layerdrops.com/krowd/assets/images/fun-facts-shape-1.png]
[layerdrops.com/krowd/assets/images/fun-facts-shape-2.png]
[layerdrops.com/krowd/assets/images/together-bg.jpg]
[layerdrops.com/krowd/assets/images/brand.png]
[layerdrops.com/krowd/assets/images/testimonials-thumb.jpg]
[layerdrops.com/krowd/assets/images/testimonials-thumb-2.jpg]
[layerdrops.com/krowd/assets/images/team-bg.jpg]
[layerdrops.com/krowd/assets/images/team-1.jpg]
[layerdrops.com/krowd/assets/images/team-2.jpg]
[layerdrops.com/krowd/assets/images/team-3.jpg]
[layerdrops.com/krowd/assets/images/news-1.jpg]
[layerdrops.com/krowd/assets/images/news-2.jpg]
[layerdrops.com/krowd/assets/images/news-3.jpg]
[layerdrops.com/krowd/assets/images/news-4.jpg]
[layerdrops.com/krowd/assets/images/guide-bg.jpg]
[layerdrops.com/krowd/assets/images/footer-bg.jpg]
[layerdrops.com/krowd/assets/images/logo-2.png]
[layerdrops.com/krowd/assets/images/footer-shape.png]
[layerdrops.com/krowd/assets/js/vendor/modernizr-3.6.0.min.js]
[layerdrops.com/krowd/assets/js/vendor/jquery-3.5.1.min.js]
[layerdrops.com/krowd/assets/js/bootstrap.min.js]
[layerdrops.com/krowd/assets/js/popper.min.js]
[layerdrops.com/krowd/assets/js/ajax-contact.js]
[layerdrops.com/krowd/assets/js/odometer.min.js]
[layerdrops.com/krowd/assets/js/jquery.appear.min.js]
[layerdrops.com/krowd/assets/js/jquery.magnific-popup.min.js]
[layerdrops.com/krowd/assets/js/slick.min.js]
[layerdrops.com/krowd/assets/js/main.js]
[layerdrops.com/krowd/index.html]
[layerdrops.com/krowd/$.html]
[layerdrops.com/krowd/assets/images/banner-bg-3.jpg]
[layerdrops.com/krowd/assets/images/banner-color-shadow.png]
[layerdrops.com/krowd/assets/images/shape/banner-line-1.png]
[layerdrops.com/krowd/assets/images/shape/banner-line-2.png]
[layerdrops.com/krowd/assets/images/banner-bg-4.jpg]
[layerdrops.com/krowd/assets/images/about-thumb-1.jpg]
[layerdrops.com/krowd/assets/images/about-thumb-2.jpg]
[layerdrops.com/krowd/assets/images/portfolio-1.jpg]
[layerdrops.com/krowd/assets/images/portfolio-2.jpg]
[layerdrops.com/krowd/assets/images/portfolio-3.jpg]
[layerdrops.com/krowd/assets/images/portfolio-4.jpg]
[layerdrops.com/krowd/assets/images/portfolio-5.jpg]
[layerdrops.com/krowd/assets/images/faq-bg.jpg]
[layerdrops.com/krowd/assets/images/client-1.png]
[layerdrops.com/krowd/assets/images/client-2.png]
[layerdrops.com/krowd/assets/images/client-3.png]
[layerdrops.com/krowd/assets/images/next-big-thing-thumb.png]
[layerdrops.com/krowd/assets/images/tech-logo.jpg]
[layerdrops.com/krowd/assets/images/news-item-1.jpg]
[layerdrops.com/krowd/assets/images/news-item-2.jpg]
[layerdrops.com/krowd/index-2.html]
[layerdrops.com/krowd/assets/images/news-item-3.jpg]
[layerdrops.com/krowd/assets/images/banner-bg-5.jpg]
[layerdrops.com/krowd/assets/images/about-thumb-3.jpg]
[layerdrops.com/krowd/assets/images/project-1.jpg]
[layerdrops.com/krowd/assets/images/project-2.jpg]
[layerdrops.com/krowd/assets/images/project-3.jpg]
[layerdrops.com/krowd/assets/images/project-4.jpg]
[layerdrops.com/krowd/assets/images/project-5.jpg]
[layerdrops.com/krowd/assets/images/4-easy-steps-1.png]
[layerdrops.com/krowd/assets/images/4-easy-steps-2.png]
[layerdrops.com/krowd/assets/images/4-easy-steps-3.png]
[layerdrops.com/krowd/assets/images/4-easy-steps-4.png]
[layerdrops.com/krowd/assets/images/project-bg-1.jpg]
[layerdrops.com/krowd/index-3.html]
[layerdrops.com/krowd/assets/images/project-bg-2.jpg]
[layerdrops.com/krowd/assets/images/page-title-bg.jpg]
[layerdrops.com/krowd/about.html]
[layerdrops.com/krowd/assets/images/about-introduction-thumb.jpg]
[layerdrops.com/krowd/assets/images/explore-projects-5.jpg]
[layerdrops.com/krowd/assets/images/explore-projects-6.jpg]
[layerdrops.com/krowd/projects-1.html]
[layerdrops.com/krowd/assets/images/project-6.jpg]
[layerdrops.com/krowd/projects-2.html]
[layerdrops.com/krowd/assets/images/project-7.jpg]
[layerdrops.com/krowd/assets/images/single-project-thumb.jpg]
[layerdrops.com/krowd/assets/images/flag.png]
[layerdrops.com/krowd/assets/images/project-details-thumb.jpg]
[layerdrops.com/krowd/assets/images/project-details-1.jpg]
[layerdrops.com/krowd/assets/images/project-details-2.jpg]
[layerdrops.com/krowd/assets/images/info.jpg]
[layerdrops.com/krowd/assets/images/project-updates-thumb-1.jpg]
[layerdrops.com/krowd/assets/images/project-updates-thumb-2.jpg]
[layerdrops.com/krowd/assets/images/comment-2.2.jpg]
[layerdrops.com/krowd/assets/images/comment-2.1.jpg]
[layerdrops.com/krowd/assets/images/project-info.jpg]
[layerdrops.com/krowd/single-project.html]
[layerdrops.com/krowd/faq.html]
[layerdrops.com/krowd/assets/images/project-perk.jpg]
[layerdrops.com/krowd/assets/images/gallery-1.jpg]
[layerdrops.com/krowd/assets/images/gallery-2.jpg]
[layerdrops.com/krowd/assets/images/gallery-3.jpg]
[layerdrops.com/krowd/assets/images/gallery-4.jpg]
[layerdrops.com/krowd/assets/images/gallery-5.jpg]
[layerdrops.com/krowd/assets/images/gallery-6.jpg]
[layerdrops.com/krowd/assets/images/gallery-7.jpg]
[layerdrops.com/krowd/assets/images/gallery-8.jpg]
[layerdrops.com/krowd/gallery.html]
[layerdrops.com/krowd/assets/images/gallery-9.jpg]
[layerdrops.com/krowd/assets/images/team-4.jpg]
[layerdrops.com/krowd/assets/images/team-5.jpg]
[layerdrops.com/krowd/assets/images/team-6.jpg]
[layerdrops.com/krowd/team-members.html]
[layerdrops.com/krowd/assets/images/news-item-4.jpg]
[layerdrops.com/krowd/assets/images/news-item-5.jpg]
[layerdrops.com/krowd/news.html]
[layerdrops.com/krowd/assets/images/news-item-6.jpg]
[layerdrops.com/krowd/assets/images/blog-details-thumb.jpg]
[layerdrops.com/krowd/assets/images/author.jpg]
[layerdrops.com/krowd/assets/images/comment-1-1.jpg]
[layerdrops.com/krowd/assets/images/comment-1-2.jpg]
[layerdrops.com/krowd/assets/images/post-1.jpg]
[layerdrops.com/krowd/single-post.8b.delayed]
[layerdrops.com/krowd/assets/images/post-2.jpg]
[layerdrops.com/krowd/single-news.html]
[layerdrops.com/krowd/contact.html]
[layerdrops.com/krowd/single-post.html]
[layerdrops.com/krowd/assets/images/post-3.jpg]
[layerdrops.com/krowd/assets/images/banner-bg-1.jpg]
[layerdrops.com/krowd/assets/images/banner-line.png]
[layerdrops.com/krowd/assets/css/bootstrap.min.css]
[layerdrops.com/krowd/assets/images/banner-bg-2.jpg]
[layerdrops.com/krowd/assets/images/categories-user.png]
[layerdrops.com/krowd/assets/images/categories-bg.jpg]
[layerdrops.com/krowd/assets/fonts/Flaticon.eot]
[layerdrops.com/krowd/assets/images/singin.png]
[layerdrops.com/krowd/assets/images/cta-bg.jpg]
[layerdrops.com/krowd/assets/images/explore-projects-1.jpg]
[layerdrops.com/krowd/assets/fonts/Flaticon.woff2]
[layerdrops.com/krowd/assets/images/explore-projects-2.jpg]
[layerdrops.com/krowd/assets/images/explore-projects-3.jpg]
[layerdrops.com/krowd/assets/images/explore-projects-4.jpg]
[layerdrops.com/krowd/assets/images/why-choose-thumb-1.jpg]
[layerdrops.com/krowd/assets/fonts/Flaticon.woff]
[layerdrops.com/krowd/assets/images/why-choose-thumb-2.jpg]
[layerdrops.com/krowd/assets/images/fun-facts-shape-1.png]
[layerdrops.com/krowd/assets/images/fun-facts-shape-2.png]
[layerdrops.com/krowd/assets/images/together-bg.jpg]
[layerdrops.com/krowd/assets/images/brand.png]
[layerdrops.com/krowd/assets/images/testimonials-thumb.jpg]
[layerdrops.com/krowd/assets/images/testimonials-thumb-2.jpg]
[layerdrops.com/krowd/assets/images/team-bg.jpg]
[layerdrops.com/krowd/assets/images/team-1.jpg]
[layerdrops.com/krowd/assets/images/team-2.jpg]
[layerdrops.com/krowd/assets/fonts/Flaticon.ttf]
[layerdrops.com/krowd/assets/images/team-3.jpg]
[layerdrops.com/krowd/assets/images/news-1.jpg]
[layerdrops.com/krowd/assets/images/news-2.jpg]
[layerdrops.com/krowd/assets/css/flaticon.css]
[layerdrops.com/krowd/assets/images/news-3.jpg]
[layerdrops.com/krowd/assets/images/news-4.jpg]
[layerdrops.com/krowd/assets/images/guide-bg.jpg]
[layerdrops.com/krowd/assets/images/footer-bg.jpg]
[layerdrops.com/krowd/assets/images/logo-2.png]
[layerdrops.com/krowd/assets/images/footer-shape.png]
[layerdrops.com/krowd/assets/css/odometer.min.css]
[layerdrops.com/krowd/assets/fonts/Flaticon.svg]
[layerdrops.com/krowd/assets/css/magnific-popup.css]
[layerdrops.com/krowd/assets/js/popper.min.js]
[layerdrops.com/krowd/assets/js/vendor/modernizr-3.6.0.min.js]
[layerdrops.com/krowd/assets/fonts/fontawesome-webfont3e6e.eot]
[layerdrops.com/krowd/assets/js/bootstrap.min.js]
[layerdrops.com/krowd/assets/js/ajax-contact.js]
[layerdrops.com/krowd/assets/fonts/fontawesome-webfontd41d.eot]
[layerdrops.com/krowd/assets/js/vendor/jquery-3.5.1.min.js]
[layerdrops.com/krowd/assets/images/banner-bg-3.jpg]
[layerdrops.com/krowd/assets/fonts/fontawesome-webfont3e6e.woff2]
[layerdrops.com/krowd/assets/js/odometer.min.js]
[layerdrops.com/krowd/assets/fonts/fontawesome-webfont3e6e.woff]
[layerdrops.com/krowd/assets/css/font-awesome.min.css]
[layerdrops.com/krowd/assets/images/banner-color-shadow.png]
[layerdrops.com/krowd/assets/css/animate.min.css]
[layerdrops.com/krowd/assets/images/shape/banner-line-1.png]
[layerdrops.com/krowd/assets/images/shape/banner-line-2.png]
[layerdrops.com/krowd/assets/css/slick.css]
[layerdrops.com/krowd/assets/images/banner-bg-4.jpg]
[layerdrops.com/krowd/assets/images/about-thumb-1.jpg]
[layerdrops.com/krowd/assets/css/default.css]
[layerdrops.com/krowd/assets/fonts/fontawesome-webfont3e6e.svg]
[layerdrops.com/krowd/assets/images/about-thumb-2.jpg]
[layerdrops.com/krowd/assets/images/portfolio-1.jpg]
[layerdrops.com/krowd/assets/images/next-big-thing-bg.png]
[layerdrops.com/krowd/assets/images/portfolio-2.jpg]
[layerdrops.com/krowd/assets/images/portfolio-3.jpg]
[layerdrops.com/krowd/assets/images/shape/shape-line-1.jpg]
[layerdrops.com/krowd/assets/fonts/fontawesome-webfont3e6e.ttf]
[layerdrops.com/krowd/assets/images/portfolio-4.jpg]
[layerdrops.com/krowd/assets/images/portfolio-5.jpg]
[layerdrops.com/krowd/assets/images/faq-bg.jpg]
[layerdrops.com/krowd/assets/images/client-1.png]
[layerdrops.com/krowd/assets/images/client-2.png]
[layerdrops.com/krowd/assets/images/client-3.png]
[layerdrops.com/krowd/assets/images/next-big-thing-thumb.png]
[layerdrops.com/krowd/assets/images/the-tech-thumb.jpg]
[layerdrops.com/krowd/assets/images/tech-logo.jpg]
[layerdrops.com/krowd/assets/images/news-item-1.jpg]
[layerdrops.com/krowd/assets/css/style.css]
[layerdrops.com/krowd/assets/images/news-item-2.jpg]
[layerdrops.com/krowd/assets/images/news-item-3.jpg]
[layerdrops.com/krowd/assets/images/banner-bg-5.jpg]
[layerdrops.com/krowd/assets/images/about-thumb-3.jpg]
[layerdrops.com/krowd/assets/images/project-1.jpg]
[layerdrops.com/krowd/assets/images/project-4.jpg]
[layerdrops.com/krowd/assets/images/project-2.jpg]
[layerdrops.com/krowd/assets/images/project-3.jpg]
[layerdrops.com/krowd/assets/images/project-5.jpg]
[layerdrops.com/krowd/assets/images/4-easy-steps-1.png]
[layerdrops.com/krowd/assets/images/4-easy-steps-2.png]
[layerdrops.com/krowd/assets/images/post-2.jpg]
[layerdrops.com/krowd/assets/images/post-3.jpg]
[layerdrops.com/krowd/single-post.html]
[layerdrops.com/krowd/assets/fonts/Flaticond41d.eot]
[layerdrops.com/krowd/assets/fonts/fontawesome-webfont3e6e.woff2]
[layerdrops.com/krowd/assets/fonts/Flaticon.ttf]
[layerdrops.com/krowd/assets/fonts/fontawesome-webfont3e6e.woff]
[layerdrops.com/krowd/assets/images/shape/shape-line-1.jpg]
[layerdrops.com/krowd/assets/images/next-big-thing-bg.png]
[layerdrops.com/krowd/assets/images/the-tech-thumb.jpg]
[layerdrops.com/krowd/assets/fonts/Flaticon.svg]
[layerdrops.com/krowd/assets/fonts/fontawesome-webfont3e6e.svg]
